replaced the whole header
my body
extended the body
my footer
it's tricky tricky tricky
A bit of a mind bender but useful for doing a little multiple inheritance.

