number=1
i=0
previ=-1
nexti=1
isFirst=1
isLast=0
isEven=1
evenOdd=even
number=2
i=1
previ=0
nexti=2
isFirst=0
isLast=0
isEven=0
evenOdd=odd
number=3
i=2
previ=1
nexti=3
isFirst=0
isLast=1
isEven=1
evenOdd=even
