1. This should look fine with regular spacing between words.
2. And this should be right below line 1 and looking fine.
3. And again a fine line just below line 2.
