Zusammen!
Zusam men!
Zusam  men!
Zusam men!
Zusam  men!
Zusam   men!
Zusam  men!
Zusam   men!
Zusam    men!
