number=1
i=0
previ=-1
nexti=1
isFirst=YES
isLast=NO
isEven=YES
evenOdd=even
number=2
i=1
previ=0
nexti=2
isFirst=NO
isLast=NO
isEven=NO
evenOdd=odd
number=3
i=2
previ=1
nexti=3
isFirst=NO
isLast=YES
isEven=YES
evenOdd=even
